\BOOKMARK [1][-]{section.1}{\376\377\000I\000n\000t\000r\000o\000d\000u\000c\000t\000i\000o\000n}{}% 1
\BOOKMARK [1][-]{section.2}{\376\377\000D\000i\000s\000c\000r\000e\000t\000e\000\040\000D\000i\000f\000f\000e\000r\000e\000n\000t\000i\000a\000l\000\040\000G\000e\000o\000m\000e\000t\000r\000y\000\040\000M\000e\000t\000h\000o\000d}{}% 2
\BOOKMARK [1][-]{section.3}{\376\377\000N\000u\000m\000e\000r\000i\000c\000a\000l\000\040\000M\000o\000d\000e\000l\000i\000n\000g\000\040\000o\000f\000\040\000S\000t\000r\000u\000c\000t\000u\000r\000e}{}% 3
\BOOKMARK [2][-]{subsection.3.1}{\376\377\000M\000a\000g\000n\000e\000t\000i\000c\000\040\000A\000c\000t\000u\000a\000t\000i\000o\000n}{section.3}% 4
\BOOKMARK [2][-]{subsection.3.2}{\376\377\000S\000o\000l\000u\000t\000i\000o\000n\000\040\000b\000y\000\040\000I\000m\000p\000l\000i\000c\000i\000t\000\040\000E\000u\000l\000e\000r\000\040\000M\000e\000t\000h\000o\000d}{section.3}% 5
\BOOKMARK [1][-]{section.4}{\376\377\0001\000D\000\040\000I\000m\000p\000l\000e\000m\000e\000n\000t\000a\000t\000i\000o\000n\000s}{}% 6
\BOOKMARK [2][-]{subsection.4.1}{\376\377\000N\000u\000m\000e\000r\000i\000c\000a\000l\000\040\000F\000r\000a\000m\000e\000w\000o\000r\000k}{section.4}% 7
\BOOKMARK [3][-]{subsubsection.4.1.1}{\376\377\000P\000h\000y\000s\000i\000c\000a\000l\000\040\000M\000o\000d\000e\000l\000\040\000a\000n\000d\000\040\000D\000i\000s\000c\000r\000e\000t\000i\000z\000a\000t\000i\000o\000n}{subsection.4.1}% 8
\BOOKMARK [3][-]{subsubsection.4.1.2}{\376\377\000F\000o\000r\000c\000e\000\040\000C\000o\000m\000p\000o\000n\000e\000n\000t\000s\000\040\000a\000n\000d\000\040\000G\000o\000v\000e\000r\000n\000i\000n\000g\000\040\000E\000q\000u\000a\000t\000i\000o\000n\000s}{subsection.4.1}% 9
\BOOKMARK [3][-]{subsubsection.4.1.3}{\376\377\000D\000a\000m\000p\000i\000n\000g\000\040\000M\000o\000d\000e\000l}{subsection.4.1}% 10
\BOOKMARK [3][-]{subsubsection.4.1.4}{\376\377\000T\000i\000m\000e\000\040\000I\000n\000t\000e\000g\000r\000a\000t\000i\000o\000n\000\040\000S\000c\000h\000e\000m\000e}{subsection.4.1}% 11
\BOOKMARK [3][-]{subsubsection.4.1.5}{\376\377\000E\000q\000u\000i\000l\000i\000b\000r\000i\000u\000m\000\040\000a\000n\000d\000\040\000S\000t\000e\000a\000d\000y\000\040\000S\000t\000a\000t\000e}{subsection.4.1}% 12
\BOOKMARK [3][-]{subsubsection.4.1.6}{\376\377\000P\000h\000y\000s\000i\000c\000a\000l\000\040\000I\000n\000t\000e\000r\000p\000r\000e\000t\000a\000t\000i\000o\000n\000\040\000o\000f\000\040\000R\000e\000s\000u\000l\000t\000s}{subsection.4.1}% 13
\BOOKMARK [2][-]{subsection.4.2}{\376\377\000I\000m\000p\000l\000e\000m\000e\000n\000t\000a\000t\000i\000o\000n\000s}{section.4}% 14
\BOOKMARK [3][-]{subsubsection.4.2.1}{\376\377\000D\000i\000r\000e\000c\000t\000i\000o\000n}{subsection.4.2}% 15
\BOOKMARK [3][-]{subsubsection.4.2.2}{\376\377\000I\000n\000t\000e\000n\000s\000i\000t\000y\000\040\000o\000f\000\040\000M\000a\000g\000n\000e\000t\000i\000c\000\040\000F\000i\000e\000l\000d}{subsection.4.2}% 16
\BOOKMARK [3][-]{subsubsection.4.2.3}{\376\377\000S\000p\000r\000i\000n\000g\000\040\000s\000t\000i\000f\000f\000n\000e\000s\000s\000\040\000v\000a\000r\000i\000a\000t\000i\000o\000n\000:\000\040\000k\000\040\000[\0001\0000\0003\000,\000\040\0001\0000\0005\000]\000\040\000N\000/\000m}{subsection.4.2}% 17
\BOOKMARK [3][-]{subsubsection.4.2.4}{\376\377\000D\000a\000m\000p\000i\000n\000g\000\040\000c\000o\000e\000f\000f\000i\000c\000i\000e\000n\000t\000\040\000s\000e\000n\000s\000i\000t\000i\000v\000i\000t\000y\000:\000\040\000c\000\040\000[\0000\000.\0005\000,\000\040\0001\000.\0000\000]}{subsection.4.2}% 18
\BOOKMARK [1][-]{section.5}{\376\377\000T\000O\000D\000O\000\040\0002\000D\000\040\000I\000m\000p\000l\000e\000m\000e\000n\000t\000a\000t\000i\000o\000n\000s}{}% 19
\BOOKMARK [2][-]{subsection.5.1}{\376\377\000C\000o\000m\000p\000u\000t\000a\000t\000i\000o\000n\000a\000l\000\040\000N\000o\000d\000e\000s}{section.5}% 20
\BOOKMARK [2][-]{subsection.5.2}{\376\377\000P\000l\000o\000t\000s}{section.5}% 21
